JvmtiExport can_access_local_variables 0
JvmtiExport can_hotswap_or_post_breakpoint 0
JvmtiExport can_post_on_exceptions 0
# 255 ciObject found
instanceKlass com/mathworks/install/InstalledProduct
instanceKlass com/mathworks/install_impl/usage/NonCustomerFacingUsageStrategy
instanceKlass com/mathworks/install_impl/usage/CustomerFacingUsageStrategy
instanceKlass com/mathworks/install/usage/UsageStrategy
instanceKlass com/mathworks/install_impl/usage/UsageStrategyFactory
instanceKlass com/mathworks/install_impl/InstallableProductImpl$InstallableComponentVisitor
instanceKlass org/jdom/output/Format$DefaultEscapeStrategy
instanceKlass org/jdom/output/Format$TextMode
instanceKlass org/jdom/output/EscapeStrategy
instanceKlass org/jdom/output/Format
instanceKlass org/jdom/output/NamespaceStack
instanceKlass org/jdom/output/XMLOutputter
instanceKlass com/mathworks/install_impl/ComponentContainerImpl$ComponentDataFlyweight
instanceKlass com/mathworks/install_impl/ProductImpl
instanceKlass com/mathworks/install_impl/UninstallerComponentContainerHandler
instanceKlass com/mathworks/install_impl/AbstractFileListParser
instanceKlass com/mathworks/install/FileListParser
instanceKlass com/google/gson/internal/LinkedTreeMap$LinkedTreeMapIterator
instanceKlass org/apache/commons/io/IOUtils
instanceKlass com/google/gson/internal/LinkedTreeMap$Node
instanceKlass com/google/gson/internal/LinkedTreeMap$1
instanceKlass com/google/gson/internal/ConstructorConstructor$11
instanceKlass com/google/gson/internal/ConstructorConstructor$8
instanceKlass com/google/gson/internal/JsonReaderInternalAccess
instanceKlass com/mathworks/install/OwningProductResponse
instanceKlass com/mathworks/install_impl/InstalledProductDataImpl$FileCollectionVisitor
instanceKlass com/mathworks/install_impl/InstalledProductDataImpl
instanceKlass com/mathworks/instutil/FolderUtilsImpl
instanceKlass com/mathworks/instutil/ParentFolderOperation
instanceKlass com/mathworks/instutil/FileIO
instanceKlass java/util/concurrent/Executors$DefaultThreadFactory
instanceKlass com/google/inject/internal/InjectorImpl$2$1
instanceKlass com/google/inject/internal/CircularDependencyProxy
instanceKlass com/google/inject/internal/ProviderToInternalFactoryAdapter$1
instanceKlass com/google/common/collect/AbstractMapBasedMultimap$AsMap$AsMapIterator
instanceKlass com/google/inject/internal/InternalContext$DependencyStack
instanceKlass com/google/inject/internal/InternalContext
instanceKlass com/google/inject/internal/InternalInjectorCreator$1
instanceKlass com/google/common/collect/Iterators$5
instanceKlass com/google/common/collect/TransformedIterator
instanceKlass com/google/common/collect/FluentIterable
instanceKlass com/google/common/collect/Iterables
instanceKlass java/lang/reflect/WeakCache$LookupValue
instanceKlass com/google/inject/internal/InjectorImpl$2
instanceKlass com/mathworks/install/command/NativeDotNet
instanceKlass java/lang/Process
instanceKlass java/lang/ProcessBuilder
instanceKlass com/mathworks/instutil/licensefiles/LicenseFileLocation
instanceKlass com/mathworks/install/input/DeltaData
instanceKlass com/mathworks/install/input/ComponentData
instanceKlass com/mathworks/install/input/ProductData
instanceKlass com/mathworks/install/input/ComponentURLProvider
instanceKlass com/mathworks/install/input/InstallationInputFile
instanceKlass com/mathworks/install/udc/UdcResourceKey
instanceKlass com/mathworks/instutil/InstallerDownloadURLInfo
instanceKlass com/mathworks/hg/util/JavaSystemScreenInfoProvider
instanceKlass com/mathworks/hg/util/AbstractSystemScreenInfoProvider
instanceKlass com/mathworks/install/InputStreamProvider
instanceKlass com/mathworks/install/input/Contents
instanceKlass java/util/Spliterator$OfInt
instanceKlass java/util/Spliterator$OfPrimitive
instanceKlass java/util/Spliterator
instanceKlass java/util/stream/IntStream
instanceKlass java/util/stream/BaseStream
instanceKlass com/google/inject/internal/cglib/core/$EmitUtils$16
instanceKlass com/google/inject/internal/cglib/core/$EmitUtils$15
instanceKlass java/lang/Deprecated
instanceKlass java/util/function/BiConsumer
instanceKlass java/io/ObjectOutput
instanceKlass com/google/inject/util/Types
instanceKlass com/mathworks/install/ComponentAggregator
instanceKlass com/mathworks/install_impl/ProductInstallerImpl$ComponentVisitor
instanceKlass com/mathworks/install_impl/XMLParserImpl
instanceKlass com/mathworks/install/XMLParser
instanceKlass com/mathworks/install/ComponentContainerHandler
instanceKlass sun/reflect/annotation/AnnotationInvocationHandler$1
instanceKlass com/google/inject/internal/DefaultConstructionProxyFactory$2
instanceKlass com/mathworks/install/input/ComponentSourceProvider
instanceKlass com/mathworks/install/InstallableComponent
instanceKlass com/mathworks/install_impl/InstallableProductImpl
instanceKlass com/mathworks/install/InstallableProduct
instanceKlass com/mathworks/install/ComponentData
instanceKlass com/google/inject/internal/SingleParameterInjector
instanceKlass com/google/inject/internal/DefaultConstructionProxyFactory$1
instanceKlass com/google/inject/internal/cglib/reflect/$FastMember
instanceKlass com/google/inject/internal/DefaultConstructionProxyFactory
instanceKlass com/google/inject/internal/ConstructorInjector
instanceKlass com/google/inject/internal/ConstructionProxy
instanceKlass com/google/inject/internal/cglib/proxy/$CallbackFilter
instanceKlass com/google/inject/internal/ProxyFactory
instanceKlass com/google/inject/internal/MembersInjectorImpl
instanceKlass com/google/inject/internal/EncounterImpl
instanceKlass com/google/inject/internal/ConstructorBindingImpl$Factory
instanceKlass com/google/inject/ProvidedBy
instanceKlass com/google/inject/ImplementedBy
instanceKlass com/google/inject/internal/ProvisionListenerStackCallback$ProvisionCallback
instanceKlass com/google/inject/internal/ProviderInternalFactory
instanceKlass com/google/inject/spi/ProvidesMethodTargetVisitor
instanceKlass com/google/inject/internal/ProvisionListenerStackCallback
instanceKlass com/google/common/cache/LocalCache$AbstractReferenceEntry
instanceKlass com/google/inject/internal/ProvisionListenerCallbackStore$KeyBinding
instanceKlass com/google/inject/internal/InternalFactoryToProviderAdapter
instanceKlass com/google/common/collect/ListMultimap
instanceKlass com/google/inject/internal/CycleDetectingLock$CycleDetectingLockFactory$ReentrantCycleDetectingLock
instanceKlass com/google/inject/internal/ConstructionContext
instanceKlass com/google/inject/internal/SingletonScope$1
instanceKlass com/google/inject/internal/ProviderToInternalFactoryAdapter
instanceKlass com/google/inject/internal/FactoryProxy
instanceKlass com/google/inject/internal/util/Classes
instanceKlass com/google/inject/spi/ExposedBinding
instanceKlass com/google/inject/internal/CreationListener
instanceKlass com/google/inject/internal/InjectorShell$LoggerFactory
instanceKlass com/google/inject/internal/InjectorShell$InjectorFactory
instanceKlass com/google/inject/internal/Initializables$1
instanceKlass com/google/inject/internal/Initializables
instanceKlass com/google/inject/internal/ConstantFactory
instanceKlass com/google/inject/internal/InjectorShell
instanceKlass com/google/inject/internal/ProvisionListenerCallbackStore
instanceKlass com/google/inject/spi/TypeEncounter
instanceKlass com/google/inject/internal/SingleMemberInjector
instanceKlass com/google/inject/internal/MembersInjectorStore
instanceKlass com/google/inject/internal/TypeConverterBindingProcessor$4
instanceKlass com/google/inject/internal/TypeConverterBindingProcessor$2
instanceKlass com/google/inject/internal/TypeConverterBindingProcessor$1
instanceKlass com/google/inject/spi/TypeConverterBinding
instanceKlass com/google/inject/matcher/AbstractMatcher
instanceKlass com/google/inject/matcher/Matchers
instanceKlass com/google/inject/internal/TypeConverterBindingProcessor$5
instanceKlass com/google/inject/internal/ConstructionProxyFactory
instanceKlass com/google/inject/internal/FailableCache
instanceKlass com/google/inject/internal/ConstructorInjectorStore
instanceKlass com/google/inject/internal/DeferredLookups
instanceKlass com/google/inject/internal/InjectorImpl$BindingsMultimap
instanceKlass com/google/inject/spi/ConvertedConstantBinding
instanceKlass com/google/inject/spi/ProviderBinding
instanceKlass com/google/inject/internal/InjectorImpl
instanceKlass com/google/inject/internal/Lookups
instanceKlass com/google/inject/internal/InjectorImpl$InjectorOptions
instanceKlass com/google/inject/spi/DefaultBindingScopingVisitor
instanceKlass java/net/Proxy
instanceKlass com/mathworks/webproxy/ProxyConfigurationVisitor
instanceKlass com/mathworks/install_impl/InstalledProductFactory$InstallerWorkSpace$1$5
instanceKlass com/mathworks/instutil/IOObserver
instanceKlass com/mathworks/install_impl/InstalledProductFactory$InstallerWorkSpace$1$4
instanceKlass com/mathworks/install_impl/InstalledProductFactory$InstallerWorkSpace$1$3
instanceKlass com/mathworks/install/InstallFlowControlHandler
instanceKlass com/mathworks/install_impl/InstalledProductFactory$InstallerWorkSpace$1$2
instanceKlass com/mathworks/install/archive/Archive
instanceKlass com/mathworks/install_impl/InstalledProductFactory$InstallerWorkSpace$1$1
instanceKlass com/mathworks/instutil/DefaultSecurityOverrideImpl
instanceKlass sun/util/locale/provider/TimeZoneNameUtility$TimeZoneNameGetter
instanceKlass sun/util/locale/provider/TimeZoneNameUtility
instanceKlass java/util/logging/LogRecord
instanceKlass com/mathworks/instutil/ResourceDefaultLocaleImpl
instanceKlass com/mathworks/instutil/ResourceLocale
instanceKlass com/mathworks/instutil/ResourceLocaleFactory
instanceKlass org/jdom/ContentList$FilterListIterator
instanceKlass org/jdom/filter/AbstractFilter
instanceKlass org/jdom/Namespace
instanceKlass org/jdom/filter/Filter
instanceKlass org/apache/xerces/impl/Constants$ArrayEnumeration
instanceKlass org/apache/xerces/impl/Constants
instanceKlass org/jdom/Verifier
instanceKlass org/apache/xerces/parsers/AbstractSAXParser$LocatorProxy
instanceKlass org/xml/sax/ext/Locator2
instanceKlass org/apache/xerces/util/XMLSymbols
instanceKlass org/apache/xerces/util/XMLChar
instanceKlass sun/net/DefaultProgressMeteringPolicy
instanceKlass sun/net/ProgressMeteringPolicy
instanceKlass sun/net/ProgressMonitor
instanceKlass org/apache/xerces/util/URI
instanceKlass org/apache/xerces/xni/parser/XMLInputSource
instanceKlass java/text/FieldPosition
instanceKlass org/apache/xerces/util/SAXMessageFormatter
instanceKlass org/apache/xerces/util/ErrorHandlerWrapper
instanceKlass org/jdom/input/BuilderErrorHandler
instanceKlass org/apache/xerces/parsers/AbstractSAXParser$AttributesProxy
instanceKlass org/xml/sax/ext/Attributes2
instanceKlass org/apache/xerces/impl/msg/XMLMessageFormatter
instanceKlass org/apache/xerces/impl/XMLVersionDetector
instanceKlass org/apache/xerces/impl/validation/ValidationManager
instanceKlass org/apache/xerces/impl/dv/dtd/NMTOKENDatatypeValidator
instanceKlass org/apache/xerces/impl/dv/dtd/NOTATIONDatatypeValidator
instanceKlass org/apache/xerces/impl/dv/dtd/ENTITYDatatypeValidator
instanceKlass org/apache/xerces/impl/dv/dtd/ListDatatypeValidator
instanceKlass org/apache/xerces/impl/dv/dtd/IDREFDatatypeValidator
instanceKlass org/apache/xerces/impl/dv/dtd/IDDatatypeValidator
instanceKlass org/apache/xerces/impl/dv/dtd/StringDatatypeValidator
instanceKlass org/apache/xerces/impl/dv/DatatypeValidator
instanceKlass org/apache/xerces/impl/dv/SecuritySupport$3
instanceKlass org/apache/xerces/impl/dv/SecuritySupport$2
instanceKlass org/apache/xerces/impl/dv/SecuritySupport$1
instanceKlass org/apache/xerces/impl/dv/SecuritySupport
instanceKlass org/apache/xerces/impl/dv/ObjectFactory
instanceKlass org/apache/xerces/impl/dv/DTDDVFactory
instanceKlass org/apache/xerces/impl/dtd/DTDGrammarBucket
instanceKlass org/apache/xerces/impl/dtd/XMLAttributeDecl
instanceKlass org/apache/xerces/impl/dtd/XMLSimpleType
instanceKlass org/apache/xerces/impl/dtd/XMLElementDecl
instanceKlass org/apache/xerces/impl/validation/ValidationState
instanceKlass org/apache/xerces/impl/dv/ValidationContext
instanceKlass org/apache/xerces/impl/dtd/DTDGrammar
instanceKlass org/apache/xerces/xni/grammars/Grammar
instanceKlass org/apache/xerces/impl/validation/EntityState
instanceKlass org/apache/xerces/impl/dtd/XMLEntityDecl
instanceKlass org/apache/xerces/impl/XMLDocumentScannerImpl$TrailingMiscDispatcher
instanceKlass org/apache/xerces/impl/XMLDocumentScannerImpl$DTDDispatcher
instanceKlass org/apache/xerces/impl/XMLDocumentScannerImpl$PrologDispatcher
instanceKlass org/apache/xerces/impl/XMLDocumentScannerImpl$XMLDeclDispatcher
instanceKlass org/apache/xerces/util/NamespaceSupport
instanceKlass org/apache/xerces/util/XMLAttributesImpl$Attribute
instanceKlass org/apache/xerces/util/XMLAttributesImpl
instanceKlass org/apache/xerces/impl/XMLDocumentFragmentScannerImpl$FragmentContentDispatcher
instanceKlass org/apache/xerces/xni/QName
instanceKlass org/apache/xerces/impl/XMLDocumentFragmentScannerImpl$ElementStack
instanceKlass org/apache/xerces/xni/grammars/XMLDTDDescription
instanceKlass org/apache/xerces/xni/grammars/XMLGrammarDescription
instanceKlass org/apache/xerces/impl/XMLDocumentFragmentScannerImpl$Dispatcher
instanceKlass org/apache/xerces/xni/XMLAttributes
instanceKlass org/apache/xerces/xni/XMLString
instanceKlass org/apache/xerces/impl/XMLErrorReporter
instanceKlass org/apache/xerces/impl/XMLEntityManager$CharacterBuffer
instanceKlass org/apache/xerces/impl/XMLEntityManager$CharacterBufferPool
instanceKlass org/apache/xerces/impl/XMLEntityManager$ByteBufferPool
instanceKlass org/apache/xerces/util/AugmentationsImpl$AugmentationsItemsContainer
instanceKlass org/apache/xerces/util/AugmentationsImpl
instanceKlass org/apache/xerces/util/XMLResourceIdentifierImpl
instanceKlass org/apache/xerces/impl/XMLEntityManager$1
instanceKlass org/apache/xerces/xni/Augmentations
instanceKlass org/apache/xerces/impl/XMLEntityManager$Entity
instanceKlass org/apache/xerces/impl/XMLEntityScanner
instanceKlass org/apache/xerces/xni/XMLResourceIdentifier
instanceKlass org/apache/xerces/impl/XMLEntityManager
instanceKlass org/apache/xerces/util/SymbolTable$Entry
instanceKlass org/apache/xerces/xni/grammars/XMLGrammarPool
instanceKlass org/apache/xerces/util/SymbolTable
instanceKlass org/apache/xerces/xni/NamespaceContext
instanceKlass org/apache/xerces/xni/XMLLocator
instanceKlass org/apache/xerces/impl/dtd/XMLDTDValidator
instanceKlass org/apache/xerces/xni/grammars/XMLGrammarLoader
instanceKlass org/apache/xerces/impl/dtd/XMLDTDProcessor
instanceKlass org/apache/xerces/xni/parser/XMLDTDContentModelFilter
instanceKlass org/apache/xerces/xni/parser/XMLDTDFilter
instanceKlass org/apache/xerces/xni/parser/XMLDTDScanner
instanceKlass org/apache/xerces/util/MessageFormatter
instanceKlass org/apache/xerces/impl/XMLScanner
instanceKlass org/apache/xerces/impl/XMLEntityHandler
instanceKlass org/apache/xerces/impl/dtd/XMLDTDValidatorFilter
instanceKlass org/apache/xerces/xni/parser/XMLDocumentScanner
instanceKlass org/apache/xerces/xni/parser/XMLDTDContentModelSource
instanceKlass org/apache/xerces/util/ParserConfigurationSettings
instanceKlass org/apache/xerces/parsers/XML11Configurable
instanceKlass org/apache/xerces/xni/parser/XMLPullParserConfiguration
instanceKlass org/apache/xerces/xni/parser/XMLParserConfiguration
instanceKlass org/apache/xerces/parsers/SecuritySupport$6
instanceKlass org/apache/xerces/parsers/SecuritySupport$7
instanceKlass org/apache/xerces/parsers/SecuritySupport$4
instanceKlass org/apache/xerces/parsers/SecuritySupport$3
instanceKlass org/apache/xerces/parsers/SecuritySupport$2
instanceKlass org/apache/xerces/parsers/SecuritySupport$1
instanceKlass org/apache/xerces/parsers/SecuritySupport
instanceKlass org/apache/xerces/parsers/ObjectFactory
instanceKlass org/xml/sax/helpers/LocatorImpl
instanceKlass org/xml/sax/Locator
instanceKlass org/xml/sax/Attributes
instanceKlass org/xml/sax/AttributeList
instanceKlass org/apache/xerces/xni/parser/XMLErrorHandler
instanceKlass org/apache/xerces/xni/parser/XMLEntityResolver
instanceKlass org/apache/xerces/jaxp/TeeXMLDocumentFilterImpl
instanceKlass org/apache/xerces/impl/xs/XMLSchemaValidator
instanceKlass org/apache/xerces/impl/RevalidationHandler
instanceKlass org/apache/xerces/impl/xs/identity/FieldActivator
instanceKlass org/apache/xerces/xni/parser/XMLDocumentFilter
instanceKlass org/apache/xerces/xni/parser/XMLDocumentSource
instanceKlass org/apache/xerces/xni/parser/XMLComponent
instanceKlass org/apache/xerces/xni/parser/XMLComponentManager
instanceKlass org/apache/xerces/xni/parser/XMLDTDSource
instanceKlass org/xml/sax/DocumentHandler
instanceKlass org/apache/xerces/parsers/XMLParser
instanceKlass org/apache/xerces/xni/XMLDTDContentModelHandler
instanceKlass org/apache/xerces/xni/XMLDTDHandler
instanceKlass org/apache/xerces/xni/XMLDocumentHandler
instanceKlass org/xml/sax/Parser
instanceKlass org/apache/xerces/xs/PSVIProvider
instanceKlass org/apache/xerces/jaxp/JAXPConstants
instanceKlass javax/xml/parsers/SAXParser
instanceKlass javax/xml/parsers/SecuritySupport$1
instanceKlass javax/xml/parsers/SecuritySupport$2
instanceKlass javax/xml/parsers/SecuritySupport
instanceKlass javax/xml/parsers/FactoryFinder
instanceKlass javax/xml/parsers/SAXParserFactory
instanceKlass org/jdom/input/JAXPParserFactory
instanceKlass org/jdom/Document
instanceKlass org/jdom/input/TextBuffer
instanceKlass org/jdom/Content
instanceKlass org/jdom/Parent
instanceKlass org/xml/sax/helpers/DefaultHandler
instanceKlass org/xml/sax/EntityResolver
instanceKlass org/xml/sax/ext/DeclHandler
instanceKlass org/xml/sax/ext/LexicalHandler
instanceKlass org/xml/sax/InputSource
instanceKlass org/jdom/DefaultJDOMFactory
instanceKlass org/jdom/JDOMFactory
instanceKlass org/xml/sax/XMLReader
instanceKlass org/xml/sax/ErrorHandler
instanceKlass org/xml/sax/DTDHandler
instanceKlass org/xml/sax/ContentHandler
instanceKlass org/jdom/input/SAXBuilder
instanceKlass com/mathworks/instutil/VersionInfo
instanceKlass java/nio/file/CopyOption
instanceKlass sun/nio/fs/WindowsUriSupport
instanceKlass com/mathworks/instutil/logging/AbstractAppLogger
instanceKlass com/mathworks/instutil/ExecutorServiceManagerImpl
instanceKlass com/mathworks/webproxy/ProxyConfiguration
instanceKlass com/mathworks/instutil/Downloader
instanceKlass com/google/common/collect/SortedIterable
instanceKlass sun/reflect/ClassDefiner$1
instanceKlass sun/reflect/ClassDefiner
instanceKlass sun/reflect/MethodAccessorGenerator$1
instanceKlass sun/reflect/Label$PatchInfo
instanceKlass sun/reflect/Label
instanceKlass sun/reflect/UTF8
instanceKlass sun/reflect/ClassFileAssembler
instanceKlass sun/reflect/ByteVectorImpl
instanceKlass sun/reflect/ByteVector
instanceKlass sun/reflect/ByteVectorFactory
instanceKlass sun/reflect/AccessorGenerator
instanceKlass sun/reflect/ClassFileConstants
instanceKlass com/mathworks/instutil/ExecutorServiceManager
instanceKlass com/mathworks/install_impl/command/DotNetFrameworkImpl
instanceKlass com/mathworks/install/command/DotNetFramework
instanceKlass com/mathworks/instutil/RegistryImpl
instanceKlass com/mathworks/instutil/ProcessExecutorImpl
instanceKlass com/mathworks/instutil/ProcessExecutor
instanceKlass com/mathworks/instutil/MWNativeLibraryLoader
instanceKlass com/mathworks/instutil/logging/AppLogger
instanceKlass com/mathworks/instutil/WinTaskSchedulerImpl
instanceKlass com/mathworks/instutil/WinTaskScheduler
instanceKlass com/mathworks/instutil/licensefiles/LicenseLocationFactoryImpl
instanceKlass com/mathworks/instutil/licensefiles/LicenseLocationFactory
instanceKlass com/mathworks/install_impl/ApplicationSpecificCommandAdapter
instanceKlass com/mathworks/install/ApplicationSpecificCommand
instanceKlass com/mathworks/install_impl/InstallOptionProviderImpl
instanceKlass com/mathworks/install/InstallOptionProvider
instanceKlass com/mathworks/instutil/LocalizedHelpPathFinder
instanceKlass com/mathworks/instutil/SecurityOverride
instanceKlass com/mathworks/instutil/PlatformImpl
instanceKlass com/mathworks/instutil/LicenseNumberProvider
instanceKlass com/mathworks/install/CommandContainer
instanceKlass com/mathworks/install_impl/input/UpdateComponentContainerImpl
instanceKlass com/mathworks/install/UpdateComponentContainer
instanceKlass com/mathworks/install_impl/input/UpdateProductContainerImpl
instanceKlass com/mathworks/install/UpdateProductContainer
instanceKlass com/mathworks/install_impl/input/JSONInstallationFileParserImpl
instanceKlass com/mathworks/install/JSONInstallationFileParser
instanceKlass com/mathworks/install_impl/input/AbstractInstallationInputFileStrategy
instanceKlass com/mathworks/install/input/InstallationInputFileStrategy
instanceKlass com/mathworks/install_impl/input/InstallationInputFileFactoryImpl
instanceKlass com/mathworks/install/input/InstallationInputFileFactory
instanceKlass com/mathworks/install/input/ComponentSourceFactory
instanceKlass com/google/common/collect/AbstractMapBasedMultimap$WrappedCollection$WrappedIterator
instanceKlass sun/reflect/generics/reflectiveObjects/GenericArrayTypeImpl
instanceKlass com/google/inject/internal/MoreTypes$GenericArrayTypeImpl
instanceKlass sun/reflect/generics/tree/ArrayTypeSignature
instanceKlass com/google/inject/internal/MoreTypes$WildcardTypeImpl
instanceKlass sun/reflect/generics/tree/VoidDescriptor
instanceKlass sun/reflect/generics/tree/Wildcard
instanceKlass sun/reflect/generics/tree/BottomSignature
instanceKlass com/google/inject/internal/MoreTypes$ParameterizedTypeImpl
instanceKlass com/google/inject/internal/MoreTypes$CompositeType
instanceKlass sun/reflect/generics/tree/MethodTypeSignature
instanceKlass sun/reflect/generics/tree/TypeVariableSignature
instanceKlass com/google/inject/internal/asm/$Handler
instanceKlass com/google/inject/internal/cglib/reflect/$FastClassEmitter$4
instanceKlass com/google/inject/internal/cglib/core/$Block
instanceKlass com/google/inject/internal/cglib/core/$EmitUtils$14
instanceKlass com/google/inject/internal/cglib/core/$EmitUtils$13
instanceKlass com/google/inject/internal/cglib/core/$EmitUtils$12
instanceKlass com/google/inject/internal/cglib/core/$EmitUtils$11
instanceKlass com/google/inject/internal/cglib/core/$EmitUtils$10
instanceKlass com/google/inject/internal/cglib/reflect/$FastClassEmitter$GetIndexCallback
instanceKlass com/google/inject/internal/cglib/core/$MethodInfoTransformer
instanceKlass java/util/LinkedList$ListItr
instanceKlass com/google/inject/internal/cglib/core/$EmitUtils$6
instanceKlass java/util/DualPivotQuicksort
instanceKlass com/google/inject/internal/cglib/core/$EmitUtils$5
instanceKlass com/google/inject/internal/cglib/reflect/$FastClassEmitter$3
instanceKlass com/google/inject/internal/cglib/reflect/$FastClassEmitter$1
instanceKlass com/google/inject/internal/asm/$Context
instanceKlass com/google/inject/internal/asm/$Attribute
instanceKlass com/google/inject/internal/cglib/core/$ClassNameReader
instanceKlass com/google/inject/internal/asm/$ClassReader
instanceKlass com/google/inject/internal/cglib/core/$DebuggingClassWriter$1
instanceKlass com/google/inject/internal/cglib/core/$EmitUtils$9
instanceKlass com/google/inject/internal/cglib/core/$EmitUtils$8
instanceKlass com/google/inject/internal/cglib/core/$Local
instanceKlass com/google/inject/internal/cglib/core/$EmitUtils$7
instanceKlass com/google/inject/internal/asm/$Edge
instanceKlass com/google/inject/internal/cglib/core/$ClassEmitter$FieldInfo
instanceKlass com/google/inject/internal/cglib/core/$EmitUtils$ArrayDelimiters
instanceKlass com/google/inject/internal/cglib/core/$EmitUtils$ParameterTyper
instanceKlass com/google/inject/internal/cglib/core/$ProcessArrayCallback
instanceKlass com/google/inject/internal/cglib/core/$EmitUtils
instanceKlass com/google/inject/internal/cglib/core/$KeyFactory$2
instanceKlass com/google/inject/internal/cglib/core/$KeyFactory$1
instanceKlass com/google/inject/internal/cglib/core/$Customizer
instanceKlass com/google/inject/internal/cglib/core/$KeyFactory
instanceKlass com/google/inject/internal/cglib/core/$MethodWrapper$MethodWrapperKey
instanceKlass com/google/inject/internal/cglib/core/$MethodWrapper
instanceKlass com/google/inject/internal/cglib/core/$DuplicatesPredicate
instanceKlass com/google/inject/MembersInjector
instanceKlass com/google/inject/spi/Message
instanceKlass com/mathworks/mlwidgets/help/messages/DocConnectorPrefs$DefaultDependencyProvider
instanceKlass com/mathworks/mlwidgets/help/messages/DocConnectorPrefs$DependencyProvider
instanceKlass com/google/inject/spi/TypeConverter
instanceKlass com/mathworks/mlwidgets/help/messages/DocConnectorPrefs
instanceKlass org/aopalliance/intercept/MethodInterceptor
instanceKlass org/aopalliance/intercept/Interceptor
instanceKlass org/aopalliance/aop/Advice
instanceKlass com/mathworks/helpsearch/product/ProductFilter
instanceKlass com/google/inject/spi/TypeListener
instanceKlass com/google/inject/spi/ProvisionListener
instanceKlass com/google/inject/matcher/Matcher
instanceKlass java/lang/AssertionStatusDirectives
instanceKlass com/mathworks/mlwidgets/help/DocCenterDocConfig$DocConfigExceptionHandler
instanceKlass com/google/inject/internal/cglib/core/$ReflectUtils$2
instanceKlass com/mathworks/help/helpui/DocConfigBase
instanceKlass com/google/inject/internal/cglib/core/$ReflectUtils$1
instanceKlass com/mathworks/mlwidgets/help/DocCenterDocConfig$DocSetAdapter
instanceKlass com/mathworks/help/helpui/AbstractDocConfig
instanceKlass com/mathworks/help/helpui/DocConfig
instanceKlass com/google/inject/internal/cglib/core/$ReflectUtils
instanceKlass com/google/inject/internal/cglib/core/$VisibilityPredicate
instanceKlass com/google/inject/internal/asm/$Frame
instanceKlass com/google/inject/internal/cglib/core/$LocalVariablesSorter$State
instanceKlass com/google/inject/internal/cglib/core/$MethodInfo
instanceKlass com/google/inject/internal/asm/$Label
instanceKlass com/google/inject/internal/cglib/core/$AbstractClassGenerator$1
instanceKlass com/google/inject/internal/cglib/core/$Constants
instanceKlass com/google/inject/internal/asm/$Opcodes
instanceKlass com/google/inject/internal/asm/$Type
instanceKlass com/google/inject/internal/cglib/core/$Signature
instanceKlass com/google/inject/internal/cglib/core/$CollectionUtils
instanceKlass com/google/inject/internal/cglib/core/$TypeUtils
instanceKlass com/google/inject/internal/cglib/core/$ProcessSwitchCallback
instanceKlass com/google/inject/internal/cglib/core/$Transformer
instanceKlass com/google/inject/internal/cglib/core/$ObjectSwitchCallback
instanceKlass com/google/inject/internal/cglib/core/$ClassInfo
instanceKlass com/google/inject/internal/asm/$Item
instanceKlass com/google/inject/internal/asm/$ByteVector
instanceKlass com/google/inject/internal/asm/$FieldVisitor
instanceKlass com/google/inject/internal/asm/$AnnotationVisitor
instanceKlass com/google/inject/internal/asm/$MethodVisitor
instanceKlass com/google/inject/internal/asm/$ClassVisitor
instanceKlass com/google/inject/internal/cglib/core/$DefaultGeneratorStrategy
instanceKlass com/google/inject/internal/cglib/reflect/$FastClass
instanceKlass com/mathworks/instutil/FilePermissionsUtil
instanceKlass com/mathworks/instutil/FilePermissions
instanceKlass com/google/inject/internal/cglib/core/$AbstractClassGenerator$Source
instanceKlass com/google/inject/internal/cglib/core/$Predicate
instanceKlass com/google/inject/internal/cglib/core/$GeneratorStrategy
instanceKlass com/google/inject/internal/cglib/core/$DefaultNamingPolicy
instanceKlass com/google/inject/internal/cglib/core/$AbstractClassGenerator
instanceKlass com/google/inject/internal/cglib/core/$ClassGenerator
instanceKlass com/google/inject/internal/cglib/core/$NamingPolicy
instanceKlass com/google/inject/internal/BytecodeGen
instanceKlass com/google/inject/Exposed
instanceKlass com/google/inject/internal/ProviderMethod
instanceKlass com/google/inject/spi/ProvidesMethodBinding
instanceKlass com/google/inject/spi/ProviderWithExtensionVisitor
instanceKlass com/google/inject/spi/ProviderLookup$1
instanceKlass com/google/inject/spi/ProviderWithDependencies
instanceKlass com/google/inject/spi/ProviderLookup
instanceKlass com/google/inject/spi/Dependency
instanceKlass com/google/inject/internal/Nullability
instanceKlass com/mathworks/install_impl/archive/zip/commonscompress/CommonsCompressArchiveFactory
instanceKlass com/mathworks/install/archive/ArchiveFactory
instanceKlass com/mathworks/install_impl/DefaultProductCorrelatorImpl
instanceKlass com/mathworks/install/ProductCorrelator
instanceKlass com/mathworks/install/udc/NoOpUsageDataCollectorImpl
instanceKlass com/mathworks/install/udc/UsageDataCollector
instanceKlass com/mathworks/install_impl/InstallerDownloadInfoContainerImpl
instanceKlass com/mathworks/install/InstallerDownloadInfoContainer
instanceKlass com/mathworks/install_impl/XMLParseStrategyForInstall
instanceKlass com/mathworks/install/XMLParseStrategy
instanceKlass com/mathworks/install_impl/ProductDownloaderImpl
instanceKlass com/mathworks/install/ProductDownloader
instanceKlass com/mathworks/install_impl/ContentOptimizerImpl
instanceKlass com/mathworks/install/ContentOptimizer
instanceKlass com/mathworks/install_impl/XMLInstallationFileParserImpl
instanceKlass com/mathworks/install/input/XMLInstallationFileParser
instanceKlass com/mathworks/install_impl/InstalledProductDataVersionImpl
instanceKlass com/mathworks/install/InstalledProductDataVersion
instanceKlass com/mathworks/install/AbstractInstallConfigurationPersistence
instanceKlass com/mathworks/instutil/IO
instanceKlass com/mathworks/instutil/FolderUtils
instanceKlass com/mathworks/install/service/ServiceFactory
instanceKlass com/mathworks/install/InstallConfigurationPersistence
instanceKlass com/mathworks/install/InstallerRequirements
instanceKlass com/mathworks/instutil/OnlineLicensingDataProvider
instanceKlass com/mathworks/install/command/CommandFactory
instanceKlass com/mathworks/instutil/Platform
instanceKlass com/mathworks/install/Installer
instanceKlass com/mathworks/install/SoftwareManager
instanceKlass com/mathworks/net/hyperlink/HyperlinkProvider
instanceKlass com/mathworks/install/Product
instanceKlass com/google/inject/util/Providers$ConstantProvider
instanceKlass com/google/inject/util/Providers
instanceKlass com/google/inject/Inject
instanceKlass javax/inject/Inject
instanceKlass com/google/inject/spi/InjectionPoint$InjectableMembers
instanceKlass com/google/inject/spi/InjectionPoint$InjectableMember
instanceKlass com/google/inject/spi/InjectionPoint
instanceKlass com/mathworks/install_impl/ProductInstallerImpl
instanceKlass com/mathworks/install_impl/status/InstallStatusObserverAdapter
instanceKlass javax/inject/Named
instanceKlass com/google/inject/Key$AnnotationInstanceStrategy
instanceKlass com/google/common/util/concurrent/Uninterruptibles
instanceKlass com/google/common/base/Platform
instanceKlass com/google/common/base/Stopwatch
instanceKlass com/google/common/util/concurrent/ExecutionList
instanceKlass com/google/common/util/concurrent/AbstractFuture
instanceKlass com/google/common/util/concurrent/ListenableFuture
instanceKlass com/google/common/cache/LocalCache$LoadingValueReference
instanceKlass java/lang/annotation/Documented
instanceKlass java/lang/annotation/Inherited
instanceKlass java/lang/annotation/Target
instanceKlass sun/reflect/annotation/AnnotationInvocationHandler
instanceKlass sun/reflect/annotation/AnnotationParser$1
instanceKlass sun/reflect/annotation/ExceptionProxy
instanceKlass sun/reflect/annotation/AnnotationType$1
instanceKlass java/lang/annotation/Retention
instanceKlass javax/inject/Qualifier
instanceKlass com/google/inject/BindingAnnotation
instanceKlass javax/inject/Scope
instanceKlass com/google/inject/ScopeAnnotation
instanceKlass com/google/inject/internal/Annotations$AnnotationChecker
instanceKlass com/google/inject/internal/Annotations$3
instanceKlass com/google/inject/internal/Annotations
instanceKlass com/google/inject/name/NamedImpl
instanceKlass com/google/inject/name/Named
instanceKlass com/google/inject/name/Names
instanceKlass com/mathworks/install/status/InstallStatusObserver
instanceKlass com/mathworks/install_impl/XMLParserFactoryImpl
instanceKlass com/mathworks/install/XMLParserFactory
instanceKlass com/mathworks/install_impl/ComponentInstallerImpl
instanceKlass com/mathworks/install/ComponentInstaller
instanceKlass com/mathworks/install_impl/ComponentContainerImpl
instanceKlass com/mathworks/install/ComponentContainer
instanceKlass com/mathworks/install_impl/ProductContainerImpl
instanceKlass com/google/inject/internal/Scoping
instanceKlass com/google/inject/internal/InternalFactory
instanceKlass com/google/inject/spi/ProviderKeyBinding
instanceKlass com/google/inject/spi/ProviderInstanceBinding
instanceKlass com/google/inject/internal/DelayedInitialize
instanceKlass com/google/inject/spi/ConstructorBinding
instanceKlass com/google/inject/spi/InstanceBinding
instanceKlass com/google/inject/spi/HasDependencies
instanceKlass com/google/inject/spi/LinkedKeyBinding
instanceKlass com/google/inject/spi/UntargettedBinding
instanceKlass com/google/inject/internal/BindingImpl
instanceKlass com/google/common/base/Suppliers$MemoizingSupplier
instanceKlass com/google/inject/Key$1
instanceKlass com/google/inject/Key$AnnotationStrategy
instanceKlass com/mathworks/install/ProductContainer
instanceKlass com/google/common/base/Optional
instanceKlass sun/reflect/annotation/AnnotationParser
instanceKlass com/google/inject/Provides
instanceKlass com/google/inject/internal/ProviderMethodsModule$Signature
instanceKlass com/google/common/collect/ImmutableMap$Builder
instanceKlass com/google/inject/internal/MoreTypes
instanceKlass com/google/inject/TypeLiteral
instanceKlass com/google/inject/spi/ModuleAnnotatedMethodScanner
instanceKlass javax/inject/Singleton
instanceKlass com/google/inject/spi/ElementSource
instanceKlass com/google/inject/spi/ScopeBinding
instanceKlass com/google/inject/Scopes$2
instanceKlass com/google/inject/Scopes$1
instanceKlass com/google/common/collect/AbstractMapEntry
instanceKlass com/google/common/collect/LinkedHashMultimap$ValueSetLink
instanceKlass com/google/common/collect/AbstractMultimap
instanceKlass com/google/common/collect/SetMultimap
instanceKlass com/google/inject/internal/CycleDetectingLock
instanceKlass com/google/common/collect/Multimap
instanceKlass com/google/inject/internal/CycleDetectingLock$CycleDetectingLockFactory
instanceKlass com/google/inject/Provider
instanceKlass javax/inject/Provider
instanceKlass com/google/inject/internal/SingletonScope
instanceKlass com/google/inject/Scope
instanceKlass com/google/inject/Scopes
instanceKlass com/google/inject/Singleton
instanceKlass com/google/inject/spi/Elements$ModuleInfo
instanceKlass com/google/inject/PrivateModule
instanceKlass com/google/inject/internal/util/StackTraceElements$InMemoryStackTraceElement
instanceKlass com/google/inject/internal/util/StackTraceElements
instanceKlass com/google/inject/spi/ModuleSource
instanceKlass com/google/inject/internal/InternalFlags$1
instanceKlass com/google/inject/internal/InternalFlags
instanceKlass com/google/inject/internal/ProviderMethodsModule
instanceKlass com/google/common/collect/Hashing
instanceKlass com/google/inject/internal/AbstractBindingBuilder
instanceKlass com/google/inject/binder/ConstantBindingBuilder
instanceKlass com/google/inject/binder/AnnotatedElementBuilder
instanceKlass com/google/inject/binder/AnnotatedConstantBindingBuilder
instanceKlass com/google/inject/binder/AnnotatedBindingBuilder
instanceKlass com/google/inject/binder/LinkedBindingBuilder
instanceKlass com/google/inject/binder/ScopedBindingBuilder
instanceKlass com/google/inject/spi/Elements$RecordingBinder
instanceKlass com/google/inject/PrivateBinder
instanceKlass com/google/inject/Binding
instanceKlass com/google/inject/spi/DefaultBindingTargetVisitor
instanceKlass com/google/inject/spi/BindingTargetVisitor
instanceKlass com/google/inject/spi/Elements
instanceKlass com/google/inject/internal/InjectorShell$RootModule
instanceKlass java/util/concurrent/ConcurrentLinkedQueue$Node
instanceKlass com/google/common/cache/Weigher
instanceKlass com/google/common/cache/LocalCache$1
instanceKlass com/google/common/util/concurrent/ListeningScheduledExecutorService
instanceKlass java/util/concurrent/ScheduledExecutorService
instanceKlass com/google/common/util/concurrent/ListeningExecutorService
instanceKlass com/google/common/util/concurrent/MoreExecutors
instanceKlass com/google/common/cache/LocalCache$ReferenceEntry
instanceKlass com/google/common/cache/CacheLoader
instanceKlass com/google/common/cache/LocalCache$LocalManualCache
instanceKlass com/google/inject/internal/WeakKeySet$1
instanceKlass com/google/common/cache/LocalCache$StrongValueReference
instanceKlass com/google/common/cache/LocalCache$ValueReference
instanceKlass com/google/common/cache/CacheBuilder$2
instanceKlass com/google/common/cache/CacheStats
instanceKlass com/google/common/base/Suppliers$SupplierOfInstance
instanceKlass com/google/common/base/Suppliers
instanceKlass com/google/common/cache/CacheBuilder$1
instanceKlass com/google/common/cache/AbstractCache$StatsCounter
instanceKlass com/google/common/cache/LoadingCache
instanceKlass com/google/common/cache/Cache
instanceKlass com/google/common/base/Supplier
instanceKlass com/google/common/cache/CacheBuilder
instanceKlass com/google/common/cache/RemovalListener
instanceKlass com/google/inject/internal/WeakKeySet
instanceKlass com/google/inject/internal/State$1
instanceKlass com/google/inject/internal/InheritingState
instanceKlass com/google/inject/internal/ProcessedBindingData
instanceKlass com/google/inject/spi/Element
instanceKlass com/google/inject/spi/DefaultElementVisitor
instanceKlass com/google/common/collect/Lists
instanceKlass com/google/inject/internal/State
instanceKlass com/google/inject/internal/InjectorShell$Builder
instanceKlass com/google/common/base/Joiner$MapJoiner
instanceKlass com/google/common/collect/Maps$EntryTransformer
instanceKlass com/google/common/base/Converter
instanceKlass com/google/common/collect/BiMap
instanceKlass com/google/common/collect/ImmutableMap
instanceKlass com/google/common/collect/SortedMapDifference
instanceKlass com/google/common/collect/MapDifference
instanceKlass com/google/common/collect/Maps
instanceKlass java/util/concurrent/CountDownLatch
instanceKlass com/google/inject/internal/Initializable
instanceKlass com/google/inject/internal/Initializer
instanceKlass com/google/common/collect/Iterators$2
instanceKlass com/google/common/collect/PeekingIterator
instanceKlass com/google/common/collect/Iterators
instanceKlass com/google/common/collect/CollectPreconditions
instanceKlass com/google/common/collect/ImmutableCollection$Builder
instanceKlass com/google/inject/internal/util/SourceProvider
instanceKlass com/google/common/collect/ObjectArrays
instanceKlass com/google/common/collect/UnmodifiableIterator
instanceKlass com/google/inject/Key
instanceKlass com/google/inject/internal/Errors$Converter
instanceKlass com/google/common/collect/Platform
instanceKlass java/util/NavigableSet
instanceKlass java/util/SortedSet
instanceKlass com/google/common/collect/Sets
instanceKlass com/google/inject/internal/Errors
instanceKlass com/google/inject/internal/util/Stopwatch
instanceKlass com/google/inject/internal/ContextualCallable
instanceKlass com/google/inject/Injector
instanceKlass com/google/inject/internal/InternalInjectorCreator
instanceKlass com/google/inject/Guice
instanceKlass com/google/inject/spi/BindingScopingVisitor
instanceKlass com/google/inject/Binder
instanceKlass com/mathworks/instutil/Machine
instanceKlass com/mathworks/instutil/Registry
instanceKlass com/mathworks/instutil/system/HostIdProvider
instanceKlass com/google/common/base/Joiner
instanceKlass com/google/common/base/Function
instanceKlass com/google/common/collect/Multiset
instanceKlass com/google/common/collect/Collections2
instanceKlass com/google/inject/util/Modules$RealOverriddenModuleBuilder
instanceKlass com/google/inject/util/Modules$EmptyModule
instanceKlass com/google/inject/spi/ElementVisitor
instanceKlass com/google/inject/util/Modules$OverriddenModuleBuilder
instanceKlass com/google/inject/util/Modules
instanceKlass com/mathworks/install/archive/zip/commonscompress/ArchiveEntryExtractor
instanceKlass com/mathworks/install/archive/ArchiveFileExtractor
instanceKlass com/mathworks/install/archive/ArchiveInputStreamExtractor
instanceKlass com/mathworks/install/InstallOption
instanceKlass com/mathworks/install/command/Command
instanceKlass com/mathworks/install_impl/InstallConfigurationAdapter
instanceKlass com/mathworks/install/DefaultDirectoryProvider
instanceKlass com/mathworks/install/DownloaderBuilderFactory
instanceKlass com/mathworks/install/ProductInstaller
instanceKlass com/mathworks/install/InstalledProductData
instanceKlass com/mathworks/instutil/MinimalProducts
instanceKlass com/mathworks/install/InstallerBuilder
instanceKlass com/mathworks/install/SoftwareManagerBuilder
instanceKlass com/mathworks/install/InstallerFactory
instanceKlass com/mathworks/install/InstalledProductDataFactory
instanceKlass com/mathworks/install/InstallConfiguration
instanceKlass com/google/inject/AbstractModule
instanceKlass com/google/inject/Module
instanceKlass com/mathworks/install_impl/InstalledProductFactory$InstallerWorkSpace
instanceKlass com/mathworks/install_impl/InstalledProductFactory$1
instanceKlass com/mathworks/install_impl/InstalledProductFactory$Task
instanceKlass com/mathworks/install_impl/InstalledProductFactory
instanceKlass com/mathworks/addons_product/ProductManagerUtils
instanceKlass com/mathworks/addons_product/MatlabDesktopStrategy
instanceKlass com/mathworks/addons_product/MatlabPlatformStrategy
instanceKlass com/mathworks/addons_product/MatlabPlatformStrategyFactory
instanceKlass com/mathworks/addons_common/notificationframework/AddOnCollectionUtils$1
instanceKlass java/util/concurrent/SynchronousQueue$TransferStack$SNode
instanceKlass java/util/concurrent/SynchronousQueue$Transferer
instanceKlass com/mathworks/util/NamedDaemonThreadFactory
instanceKlass com/mathworks/addons_common/notificationframework/AddOnCollectionUtils
instanceKlass com/mathworks/addons_common/notificationframework/StartupCacheInitializationTask
instanceKlass com/mathworks/addons_toolbox/AddOnInstallationObserverAdapter
instanceKlass com/mathworks/addons_zip/tasks/AddOnInstallationObservers
instanceKlass com/mathworks/appmanagement/addons/AppManagerUtils
instanceKlass com/mathworks/addons_common/AddonCustomMetadata
instanceKlass java/nio/file/SimpleFileVisitor
instanceKlass java/nio/file/FileVisitor
instanceKlass com/mathworks/addons_zip/utils/ZipManagerUtils
instanceKlass com/mathworks/addons_common/DocumentationProvider
instanceKlass com/mathworks/services/lmgr/FeatureInfoList
instanceKlass com/mathworks/addons_product/CommandBuilder
instanceKlass com/mathworks/addons_product/ProductManager
instanceKlass com/mathworks/supportsoftwarematlabmanagement/api/UninstallAPI
instanceKlass com/mathworks/install_task/BackgroundTask
instanceKlass com/mathworks/supportsoftwareinstaller/api/InstallAPI
instanceKlass com/mathworks/hwsmanagement/HwsManager
instanceKlass com/mathworks/supportsoftwareinstaller/addons/SupportSoftwareInstallerObserver
instanceKlass com/mathworks/addons_zip/ZipManager
instanceKlass java/awt/TrayIcon
instanceKlass java/awt/MenuComponent
instanceKlass java/awt/event/InvocationEvent$1
instanceKlass sun/awt/AWTAccessor$InvocationEventAccessor
instanceKlass com/mathworks/mde/desk/ContributedToolsLoader$1
instanceKlass com/mathworks/mde/desk/ContributedToolsLoader
instanceKlass com/mathworks/toolboxmanagement/ToolboxContributedToolsLoader
instanceKlass com/mathworks/toolboxmanagement/ToolboxManagementObserverCollection
instanceKlass com/mathworks/toolboxmanagement/DefaultToolboxManagementObserver
instanceKlass com/mathworks/toolboxmanagement/ExecutorServiceFactory
instanceKlass com/mathworks/toolboxmanagement/CustomToolboxManager
instanceKlass com/mathworks/toolboxmanagement/ToolboxManagementObserver
instanceKlass com/mathworks/services/settings/SettingLevel$1
instanceKlass com/mathworks/addons_toolbox/ToolboxManagerForAddOns
instanceKlass com/mathworks/addons_mlconnector/MLConnectorManager
instanceKlass com/mathworks/addons_common/InstalledAddon
instanceKlass com/mathworks/addons_app/AppManager
instanceKlass com/mathworks/addons_common/notificationframework/AddOnInstallationObserverImpl
instanceKlass com/mathworks/addons_common/notificationframework/InstalledAddOnsCache$LazyHolder
instanceKlass com/mathworks/addons_common/notificationframework/AddOnInstallationObserver
instanceKlass com/mathworks/jmi/MatlabPath$CwdChangeWhenAtPrompt$1
instanceKlass com/mathworks/jmi/MatlabPath$CwdChangeWhenAtPrompt
instanceKlass com/mathworks/addons_common/notificationframework/InstalledAddOnsCache
instanceKlass com/mathworks/addons/launchers/InitializeCacheAndRegisterAddonsAndAddSupportPackages
instanceKlass com/mathworks/widgets/debug/DebuggerManager$IdleMatlabDebugger
instanceKlass com/mathworks/widgets/debug/DebuggerManager
instanceKlass com/mathworks/mde/editor/debug/DebuggerInstaller$1
instanceKlass com/mathworks/toolbox/eml/actions/EmlDebuggerActionsProvider
instanceKlass com/mathworks/matlab/api/editor/actions/DebuggerActions
instanceKlass com/mathworks/mde/editor/debug/MatlabDebuggerActionsProvider
instanceKlass com/mathworks/cmlink/util/icon/FileIconFactoryProducer
instanceKlass com/mathworks/toolbox/slproject/project/archiving/ProjectArchiverFactory
instanceKlass com/mathworks/toolbox/slproject/project/metadata/MetadataManagerFactory
instanceKlass com/mathworks/toolbox/slproject/project/extensions/ProjectExtensionFactory
instanceKlass com/mathworks/toolbox/slproject/project/extensions/customization/ProjectToolFactory
instanceKlass com/mathworks/toolbox/slproject/project/GUI/projectui/ProjectViewNodeFactory
instanceKlass com/mathworks/mde/liveeditor/LiveEditorLifeCycleHandler
instanceKlass com/mathworks/cmlink/creation/api/RepositoryLocationCreatorFactory
instanceKlass com/mathworks/matlab/api/editor/EditorLayerProvider
instanceKlass com/mathworks/mde/find/FileTypeContentsProvider
instanceKlass com/mathworks/addons_common/notificationframework/InstalledFolderRegistryObserver
instanceKlass com/mathworks/addons_common/AddonManager
instanceKlass com/mathworks/mlwidgets/explorer/util/SourceControlManagerPlugin
instanceKlass com/mathworks/matlab/api/editor/EditorSyntaxHighlighting
instanceKlass com/mathworks/matlab/api/editor/EditorLanguage
instanceKlass com/mathworks/toolbox/slproject/project/extensions/customization/ProjectUICustomizationFactory
instanceKlass com/mathworks/toolbox/slproject/project/extensions/customization/AlternativeDescriptionsProvider
instanceKlass com/mathworks/toolbox/slproject/project/extensions/customization/ProjectCheckProvider
instanceKlass com/mathworks/toolbox/slproject/extensions/dependency/analysis/DependencyAnalysisOptionProvider
instanceKlass com/mathworks/toolbox/slproject/project/extensions/customization/EnvironmentCustomization
instanceKlass com/mathworks/cmlink/management/path/DirectoryUpdateControllerFactory
instanceKlass com/mathworks/toolbox/slproject/project/matlab/api/workingfolder/MatlabAPIWorkingFolderActivator
instanceKlass com/mathworks/toolbox/slproject/project/sharing/api/r15a/ShareExtensionFactory
instanceKlass com/mathworks/toolbox/slproject/project/extensions/customization/WorkingFolderExtensionFactory
instanceKlass com/mathworks/toolbox/slproject/project/extensions/customization/SearchReverseAnnotationDoubleClickActionProvider
instanceKlass com/mathworks/toolbox/slproject/project/extensions/customization/SearchDataHierarchicalNodeFactoryProvider
instanceKlass com/mathworks/toolbox/slproject/project/extensions/customization/SearcherFacetProvider
instanceKlass com/mathworks/toolbox/slproject/project/extensions/customization/CheckRunnerProvider
instanceKlass com/mathworks/toolbox/slproject/project/extensions/customization/PostLoadActionProvider
instanceKlass com/mathworks/toolbox/slproject/project/extensions/customization/FileTypeAnalyser
instanceKlass com/mathworks/toolbox/slproject/project/extensions/customization/FileDroolPredicateProvider
instanceKlass com/mathworks/toolbox/slproject/project/extensions/customization/UnsavedChangesDiscardingHandlerProvider
instanceKlass com/mathworks/toolbox/slproject/project/extensions/customization/FileSavingHandlerProvider
instanceKlass com/mathworks/toolbox/slproject/project/extensions/customization/FileDisplayingHandlerProvider
instanceKlass com/mathworks/toolbox/slproject/project/extensions/customization/FileClosingHandlerProvider
instanceKlass com/mathworks/toolbox/slproject/project/extensions/customization/LoadedFileListProvider
instanceKlass com/mathworks/toolbox/slproject/project/extensions/customization/SearchResultsIconProducerProvider
instanceKlass com/mathworks/toolbox/slproject/project/extensions/customization/FileNameSearcherHandlerProvider
instanceKlass com/mathworks/toolbox/slproject/project/extensions/customization/FileDefaultColorProvider
instanceKlass com/mathworks/toolbox/slproject/project/extensions/customization/NewFileTemplateProvider
instanceKlass com/mathworks/toolbox/slproject/project/extensions/customization/EntryPointCommandDefinitionProvider
instanceKlass com/mathworks/toolbox/slproject/project/extensions/customization/InitializationCommandProvider
instanceKlass com/mathworks/toolbox/slproject/project/sharing/api/r16a/ShareExtensionFactory
instanceKlass com/mathworks/find_files_api/FileTypeSpecificOpenToLineActionProvider
instanceKlass com/mathworks/find_files_api/OpenActionProvider
instanceKlass com/mathworks/mde/editor/debug/DebuggerActionsProvider
instanceKlass com/mathworks/matlab/api/editor/actions/KeyBindingContributor
instanceKlass com/mathworks/matlab/api/editor/EditorKitProvider
instanceKlass com/mathworks/matlab/api/editor/actions/EditorToolTipDelegate
instanceKlass com/mathworks/widgets/editor/breakpoints/MarginProvider
instanceKlass com/mathworks/matlab/api/toolbars/ToolBarContributor
instanceKlass com/mathworks/matlab/api/editor/actions/SelectionDelegate
instanceKlass com/mathworks/matlab/api/editor/EditorLanguagePreferencesPanel
instanceKlass com/mathworks/addons_common/util/InstalledAddonMetadataModifier
instanceKlass com/mathworks/addons_common/util/AddonMetadataResolver
instanceKlass com/mathworks/registration_point_api/RegistrationPoint
instanceKlass com/mathworks/addons_common/notificationframework/BalloonTooltipNotificationClickedCallback
instanceKlass com/mathworks/mwswing/api/FileExtensionFilterContributor
instanceKlass com/mathworks/addons_common/notificationframework/EnableDisableManagementNotifierAPI
instanceKlass com/mathworks/mde/liveeditor/LiveEditorToolstripContributor
instanceKlass com/mathworks/matlab/api/editor/EditorToolstripTabContributor
instanceKlass com/mathworks/matlab/api/editor/actions/Prioritizable
instanceKlass com/mathworks/matlab/api/menus/MenuContributor
instanceKlass com/mathworks/cmlink/api/ApplicationInteractor
instanceKlass com/mathworks/cmlink/util/internalapi/InternalCMAdapterFactory
instanceKlass com/mathworks/toolbox/rptgenxmlcomp/comparison/node/customization/CustomizationManager
instanceKlass com/mathworks/comparisons/plugin/ComparisonPlugin
instanceKlass com/mathworks/toolbox/compiler_examples/generation/LanguageGenerationPlugin
instanceKlass com/mathworks/project/impl/model/TargetFactory
instanceKlass com/mathworks/addressbar_api/AddressBarAPI
instanceKlass com/mathworks/util/ImplementorsCacheImpl
instanceKlass com/mathworks/util/ImplementorsCache
instanceKlass com/mathworks/util/ImplementorsCacheFactory$LazyHolder
instanceKlass com/mathworks/util/ImplementorsCacheFactory
instanceKlass com/mathworks/mlservices/MatlabDebugServices$StackInfo
instanceKlass com/mathworks/mlservices/MatlabDebugServices$DebugEventTranslator
instanceKlass com/mathworks/fileutils/MatlabPath$PathEntry
instanceKlass com/mathworks/jmi/Matlab$6
instanceKlass com/mathworks/fileutils/MatlabPath$CwdChangeWhenAtPrompt$1
instanceKlass java/awt/EventQueue$4
instanceKlass java/awt/EventQueue$3
instanceKlass sun/awt/dnd/SunDragSourceContextPeer
instanceKlass java/awt/dnd/peer/DragSourceContextPeer
instanceKlass sun/awt/EventQueueDelegate
instanceKlass java/awt/ModalEventFilter
instanceKlass java/awt/EventDispatchThread$HierarchyEventFilter
instanceKlass java/awt/EventFilter
instanceKlass java/awt/EventDispatchThread$1
instanceKlass java/awt/Conditional
instanceKlass java/awt/ActiveEvent
instanceKlass java/awt/EventQueue$5
instanceKlass java/awt/Component$3
instanceKlass com/mathworks/jmi/MatlabPath$PathEntry
instanceKlass com/mathworks/jmi/ComponentBridge
instanceKlass com/mathworks/mde/editor/debug/DebuggerInstaller
instanceKlass com/mathworks/mlservices/MatlabDebugServices$1
instanceKlass com/mathworks/mlservices/MatlabExecutionErrorHandler
instanceKlass com/mathworks/mde/cmdwin/CmdWinExecuteServices
instanceKlass com/mathworks/mlservices/MLExecuteRegistrar
instanceKlass com/mathworks/mlservices/MLExecute
instanceKlass com/mathworks/mlservices/MLServicesRegistry$EventMulticaster
instanceKlass com/mathworks/mlservices/MLServicesRegistry
instanceKlass com/mathworks/mlservices/MLExecuteServices$ServicesRegistryListener
instanceKlass com/mathworks/mlservices/MLServicesRegistry$Listener
instanceKlass com/mathworks/mlservices/MLServices
instanceKlass com/mathworks/mlservices/MatlabDebugServices$3
instanceKlass com/mathworks/capabilities/CapabilityList$1
instanceKlass com/mathworks/capabilities/CapabilityList
instanceKlass com/mathworks/mvm/exec/MatlabFevalRequest$Options
instanceKlass com/mathworks/mlservices/MatlabDebugServices$DBStatusDBStackCallback
instanceKlass com/mathworks/mlservices/debug/breakpoint/GlobalBreakpointDBStatusHandler
instanceKlass com/mathworks/mlservices/debug/breakpoint/GlobalBreakpointState
instanceKlass sun/util/logging/LoggingSupport$2
instanceKlass java/util/logging/Formatter
instanceKlass java/util/logging/ErrorManager
instanceKlass com/mathworks/mlservices/MatlabDebugServices$BusyExecutionListener
instanceKlass com/mathworks/mlservices/MatlabDebugServices$CtrlCListener
instanceKlass com/mathworks/mlservices/MatlabDebugServices$DefaultMatlabPauseObserver
instanceKlass com/mathworks/mlservices/MatlabDebugServices$DefaultMatlabDebugObserver
instanceKlass com/mathworks/mlservices/MatlabDebugServices$StackCallback
instanceKlass com/mathworks/mlservices/MatlabDebugServices$StackDispatch
instanceKlass com/mathworks/mlservices/MatlabDebugServices$DebugDispatch$DebugExitStackCheck
instanceKlass com/mathworks/mlservices/MatlabDebugServices$DebugDispatch
instanceKlass com/mathworks/matlab/api/debug/Breakpoint
instanceKlass com/mathworks/mlservices/debug/breakpoint/BreakpointBase
instanceKlass com/mathworks/mlservices/MatlabDebugObserver
instanceKlass com/mathworks/mlservices/MatlabDebugServices
instanceKlass com/mathworks/jmi/AutoConvertStringToMatlabChar
instanceKlass com/mathworks/fileutils/MatlabPath$3
instanceKlass com/mathworks/fileutils/MatlabPath$2
instanceKlass com/mathworks/fileutils/MatlabPath$CwdChangeWhenAtPrompt
instanceKlass com/mathworks/fileutils/MatlabPath$1
instanceKlass com/mathworks/mvm/MvmWrapper
instanceKlass com/mathworks/fileutils/MatlabPath
instanceKlass com/mathworks/beans/EnumPair
instanceKlass com/mathworks/jmi/bean/UDDMethodDescription
instanceKlass com/mathworks/jmi/bean/UDDPropertyDescription
instanceKlass com/mathworks/jmi/bean/UDDBeanClass
instanceKlass com/mathworks/jmi/bean/OpCode
instanceKlass com/mathworks/jmi/bean/ClassFileConstants
instanceKlass com/mathworks/jmi/bean/UDDListener
instanceKlass com/mathworks/mvm/eventmgr/EventListening
instanceKlass com/mathworks/mvm/eventmgr/DefaultEventMgr
instanceKlass com/mathworks/mvm/MvmSession
instanceKlass com/mathworks/addons/launchers/TriggerAddOnsStartUpTasks$2
instanceKlass com/mathworks/matlab/environment/context/Util
instanceKlass com/mathworks/addons_common/util/MatlabPlatformUtil
instanceKlass java/lang/invoke/LambdaForm$MH
instanceKlass com/mathworks/matlabserver/connector/impl/ConnectorImpl$1$$Lambda$9
instanceKlass com/mathworks/addons/launchers/TriggerAddOnsStartUpTasks
instanceKlass java/lang/invoke/LambdaForm$DMH
instanceKlass com/mathworks/util/DeleteOnExitShutdownInitializer$1
instanceKlass com/mathworks/util/DeleteOnExitShutdownInitializer
instanceKlass com/mathworks/mde/liveeditor/LiveEditorInitializer
instanceKlass com/mathworks/matlabserver/workercommon/client/ClientServiceRegistryFacade
instanceKlass com/mathworks/matlabserver/workercommon/client/ClientServiceRegistryFactory
instanceKlass com/google/gson/internal/$Gson$Types$ParameterizedTypeImpl
instanceKlass sun/reflect/generics/reflectiveObjects/LazyReflectiveObjectGenerator
instanceKlass java/lang/reflect/TypeVariable
instanceKlass sun/reflect/generics/reflectiveObjects/ParameterizedTypeImpl
instanceKlass com/mathworks/connector/client_services/UserManagerImpl$SupportedProducts
instanceKlass sun/reflect/generics/visitor/Reifier
instanceKlass sun/reflect/generics/visitor/TypeTreeVisitor
instanceKlass sun/reflect/generics/tree/ClassSignature
instanceKlass sun/reflect/generics/tree/Signature
instanceKlass sun/reflect/generics/tree/ClassTypeSignature
instanceKlass sun/reflect/generics/tree/SimpleClassTypeSignature
instanceKlass sun/reflect/generics/tree/FieldTypeSignature
instanceKlass sun/reflect/generics/tree/BaseType
instanceKlass sun/reflect/generics/tree/TypeSignature
instanceKlass sun/reflect/generics/tree/ReturnType
instanceKlass sun/reflect/generics/tree/TypeArgument
instanceKlass sun/reflect/generics/tree/FormalTypeParameter
instanceKlass sun/reflect/generics/tree/TypeTree
instanceKlass sun/reflect/generics/tree/Tree
instanceKlass sun/reflect/generics/parser/SignatureParser
instanceKlass sun/reflect/generics/factory/CoreReflectionFactory
instanceKlass sun/reflect/generics/factory/GenericsFactory
instanceKlass sun/reflect/generics/scope/AbstractScope
instanceKlass sun/reflect/generics/scope/Scope
instanceKlass com/mathworks/connector/client_services/UserManagerImpl
instanceKlass com/mathworks/matlabserver/internalservices/workersecurity/UserManager
instanceKlass com/mathworks/connector/client_services/ClientCommandWindowServiceImpl
instanceKlass com/mathworks/matlabserver/workercommon/client/services/ClientCommandWindowService
instanceKlass com/mathworks/connector/client_services/ClientBrowserServiceImpl
instanceKlass com/mathworks/matlabserver/workercommon/client/services/ClientBrowserService
instanceKlass com/mathworks/connector/client_services/ClientEditorServiceImpl
instanceKlass com/mathworks/matlabserver/workercommon/client/services/ClientEditorService
instanceKlass com/mathworks/matlabserver/workercommon/client/services/MessageProducer
instanceKlass com/mathworks/matlabserver/workercommon/client/impl/ClientServiceRegistryImpl
instanceKlass com/mathworks/connector/json/impl/JsonDeserializationServiceProvider
instanceKlass com/mathworks/connector/json/impl/JsonSerializationServiceProvider
instanceKlass com/mathworks/connector/MessageBase
instanceKlass com/google/gson/TreeTypeAdapter$SingleTypeFactory
instanceKlass com/google/gson/internal/$Gson$Types$GenericArrayTypeImpl
instanceKlass java/lang/reflect/ParameterizedType
instanceKlass java/lang/reflect/GenericArrayType
instanceKlass java/lang/reflect/WildcardType
instanceKlass com/google/gson/internal/$Gson$Types
instanceKlass com/google/gson/reflect/TypeToken
instanceKlass com/google/gson/InstanceCreator
instanceKlass com/google/gson/internal/$Gson$Preconditions
instanceKlass com/google/gson/JsonSerializer
instanceKlass com/mathworks/connector/json/impl/JsonSerializerImpl$GenericMessageDeserializer
instanceKlass com/google/gson/JsonDeserializer
instanceKlass com/mathworks/connector/json/impl/JsonSerializerImpl
instanceKlass com/google/gson/internal/bind/ReflectiveTypeAdapterFactory$BoundField
instanceKlass com/google/gson/internal/bind/ReflectiveTypeAdapterFactory
instanceKlass com/google/gson/internal/bind/MapTypeAdapterFactory
instanceKlass com/google/gson/internal/bind/CollectionTypeAdapterFactory
instanceKlass com/google/gson/internal/bind/ArrayTypeAdapter$1
instanceKlass com/google/gson/internal/bind/SqlDateTypeAdapter$1
instanceKlass com/google/gson/internal/bind/TimeTypeAdapter$1
instanceKlass java/util/Date
instanceKlass com/google/gson/internal/bind/DateTypeAdapter$1
instanceKlass java/text/Format
instanceKlass com/google/gson/internal/bind/ObjectTypeAdapter$1
instanceKlass com/google/gson/internal/bind/TypeAdapters$26
instanceKlass com/google/gson/internal/bind/TypeAdapters$30
instanceKlass com/google/gson/internal/bind/TypeAdapters$22
instanceKlass java/util/UUID
instanceKlass com/google/gson/internal/bind/TypeAdapters$31
instanceKlass com/google/gson/internal/bind/TypeAdapters$29
instanceKlass com/google/gson/internal/bind/TypeAdapters$28
instanceKlass com/google/gson/internal/bind/TypeAdapters
instanceKlass com/google/gson/internal/ObjectConstructor
instanceKlass com/google/gson/internal/ConstructorConstructor
instanceKlass com/google/gson/Gson$2
instanceKlass com/google/gson/Gson$1
instanceKlass com/google/gson/JsonSerializationContext
instanceKlass com/google/gson/JsonDeserializationContext
instanceKlass com/google/gson/stream/JsonReader
instanceKlass com/google/gson/stream/JsonWriter
instanceKlass com/google/gson/Gson
instanceKlass com/google/gson/JsonElement
instanceKlass com/google/gson/TypeAdapter
instanceKlass com/google/gson/internal/Excluder
instanceKlass com/google/gson/TypeAdapterFactory
instanceKlass com/google/gson/FieldNamingStrategy
instanceKlass com/google/gson/GsonBuilder
instanceKlass com/mathworks/cosg/CosgRegistryFactory
instanceKlass com/mathworks/connector/cosg/impl/CosgRegistryImpl
instanceKlass com/mathworks/connector/Address
instanceKlass com/mathworks/connector/impl/ContextImpl
instanceKlass com/mathworks/cosg/CosgRegistry
instanceKlass com/mathworks/connector/cosg/impl/CosgServiceProvider
instanceKlass com/mathworks/messageservice/builders/MessageServiceBuilder
instanceKlass com/mathworks/connector/Future$Continuation
instanceKlass com/mathworks/connector/native_bridge/impl/NativeBridgeServiceProvider
instanceKlass com/mathworks/connector/Context
instanceKlass com/mathworks/connector/impl/ConnectorImpl
instanceKlass com/mathworks/connector/message_service/api/JniMessageServiceAdaptor
instanceKlass com/mathworks/matlabserver/workercommon/client/ClientServiceRegistry
instanceKlass com/mathworks/connector/Message
instanceKlass com/mathworks/matlabserver/connector/api/Server
instanceKlass com/mathworks/matlabserver/connector/api/ConnectorLifecycleHelper
instanceKlass com/mathworks/matlabserver/connector/util/SessionNonceHelper
instanceKlass com/mathworks/connector/json/JsonSerializer
instanceKlass com/mathworks/cosg/CosgMessageHandler
instanceKlass com/mathworks/connector/native_bridge/NativeBridge
instanceKlass com/mathworks/connector/ServiceProvider
instanceKlass com/mathworks/connector/Connector
instanceKlass com/mathworks/matlabserver/connector/api/Connector$1
instanceKlass com/mathworks/matlabserver/connector/api/Connector
instanceKlass com/mathworks/matlabserver/connector/api/AutoStart
instanceKlass com/mathworks/jmi/MatlabPath$PathCallback
instanceKlass com/mathworks/services/message/MWHandler
instanceKlass com/mathworks/jmi/MatlabMCR
instanceKlass com/mathworks/jmi/MatlabPath
instanceKlass com/mathworks/mlwidgets/prefs/InitialWorkingFolder$1
instanceKlass com/mathworks/mlwidgets/prefs/InitialWorkingFolder
instanceKlass com/mathworks/toolstrip/plaf/ToolstripTheme
instanceKlass javax/swing/text/ViewFactory
instanceKlass com/mathworks/toolstrip/plaf/TSComponentUI
instanceKlass com/mathworks/mde/desk/MLDesktop$ClientInfo
instanceKlass sun/java2d/pipe/AlphaPaintPipe$TileContext
instanceKlass java/awt/ColorPaintContext
instanceKlass java/awt/PaintContext
instanceKlass com/mathworks/mwswing/ColorUtils
instanceKlass com/mathworks/mwswing/IconUtils
instanceKlass com/mathworks/mwswing/ContrastingIcon
instanceKlass com/mathworks/mwswing/ExtendedAction
instanceKlass com/mathworks/widgets/desk/DTUtilities
instanceKlass java/lang/StrictMath
instanceKlass javax/imageio/metadata/IIOMetadata
instanceKlass javax/imageio/stream/FileCacheImageInputStream$StreamDisposerRecord
instanceKlass com/sun/imageio/stream/StreamCloser$2
instanceKlass com/sun/imageio/stream/StreamCloser$1
instanceKlass com/sun/imageio/stream/StreamCloser$CloseAction
instanceKlass com/sun/imageio/stream/StreamCloser
instanceKlass sun/nio/fs/WindowsChannelFactory$2
instanceKlass sun/nio/fs/WindowsChannelFactory$Flags
instanceKlass sun/nio/fs/WindowsChannelFactory$1
instanceKlass sun/nio/fs/WindowsChannelFactory
instanceKlass sun/nio/fs/WindowsSecurityDescriptor
instanceKlass java/nio/file/OpenOption
instanceKlass sun/nio/fs/WindowsPath$1
instanceKlass sun/nio/fs/BasicFileAttributesHolder
instanceKlass sun/nio/fs/WindowsDirectoryStream$WindowsDirectoryIterator
instanceKlass sun/nio/fs/WindowsFileAttributes
instanceKlass java/nio/file/attribute/DosFileAttributes
instanceKlass java/nio/file/attribute/BasicFileAttributes
instanceKlass sun/nio/fs/NativeBuffer$Deallocator
instanceKlass sun/nio/fs/NativeBuffer
instanceKlass sun/nio/fs/NativeBuffers
instanceKlass sun/nio/fs/WindowsNativeDispatcher$BackupResult
instanceKlass sun/nio/fs/WindowsNativeDispatcher$CompletionStatus
instanceKlass sun/nio/fs/WindowsNativeDispatcher$AclInformation
instanceKlass sun/nio/fs/WindowsNativeDispatcher$Account
instanceKlass sun/nio/fs/WindowsNativeDispatcher$DiskFreeSpace
instanceKlass sun/nio/fs/WindowsNativeDispatcher$VolumeInformation
instanceKlass sun/nio/fs/WindowsNativeDispatcher$FirstStream
instanceKlass sun/nio/fs/WindowsNativeDispatcher$FirstFile
instanceKlass sun/nio/fs/WindowsNativeDispatcher$1
instanceKlass sun/nio/fs/WindowsNativeDispatcher
instanceKlass sun/nio/fs/WindowsDirectoryStream
instanceKlass java/nio/file/DirectoryStream
instanceKlass java/nio/file/Files$AcceptAllFilter
instanceKlass java/nio/file/DirectoryStream$Filter
instanceKlass java/net/NetworkInterface$2
instanceKlass sun/awt/AppContext$PostShutdownEventRunnable
instanceKlass java/net/DefaultInterface
instanceKlass java/net/InterfaceAddress
instanceKlass java/net/NetworkInterface$1
instanceKlass java/net/NetworkInterface
instanceKlass sun/security/provider/ByteArrayAccess
instanceKlass sun/security/provider/SeedGenerator$1
instanceKlass sun/security/provider/SeedGenerator
instanceKlass sun/security/provider/SecureRandom$SeederHolder
instanceKlass sun/security/jca/GetInstance$Instance
instanceKlass java/security/MessageDigestSpi
instanceKlass sun/security/jca/GetInstance
instanceKlass java/security/SecureRandomSpi
instanceKlass java/security/Provider$UString
instanceKlass java/security/Provider$Service
instanceKlass sun/security/provider/NativePRNG$NonBlocking
instanceKlass sun/security/provider/NativePRNG$Blocking
instanceKlass sun/security/provider/NativePRNG
instanceKlass sun/security/provider/SunEntries$1
instanceKlass sun/security/provider/SunEntries
instanceKlass sun/security/jca/ProviderConfig$2
instanceKlass sun/security/jca/ProviderList$2
instanceKlass sun/misc/FDBigInteger
instanceKlass java/security/Provider$EngineDescription
instanceKlass java/security/Provider$ServiceKey
instanceKlass sun/security/jca/ProviderConfig
instanceKlass sun/security/jca/ProviderList
instanceKlass sun/security/jca/Providers
instanceKlass sun/nio/fs/AbstractPath
instanceKlass java/net/URI$Parser
instanceKlass java/net/URI
instanceKlass sun/nio/fs/Util
instanceKlass sun/nio/fs/WindowsPathParser$Result
instanceKlass sun/nio/fs/WindowsPathParser
instanceKlass java/nio/file/FileSystem
instanceKlass java/nio/file/spi/FileSystemProvider
instanceKlass sun/nio/fs/DefaultFileSystemProvider
instanceKlass java/nio/file/FileSystems$DefaultFileSystemHolder$1
instanceKlass java/nio/file/FileSystems$DefaultFileSystemHolder
instanceKlass java/nio/file/FileSystems
instanceKlass java/nio/file/Paths
instanceKlass java/nio/file/TempFileHelper
instanceKlass java/nio/file/Files
instanceKlass javax/imageio/stream/ImageInputStreamImpl
instanceKlass javax/imageio/ImageIO$CacheInfo
instanceKlass javax/imageio/ImageIO$ImageReaderIterator
instanceKlass javax/imageio/spi/FilterIterator
instanceKlass javax/imageio/spi/PartialOrderIterator
instanceKlass javax/imageio/ImageIO$ContainsFilter
instanceKlass javax/imageio/spi/ServiceRegistry$Filter
instanceKlass javax/imageio/ImageTypeSpecifier
instanceKlass javax/imageio/ImageWriter
instanceKlass javax/imageio/ImageTranscoder
instanceKlass javax/imageio/metadata/IIOMetadataFormat
instanceKlass javax/imageio/ImageReader
instanceKlass javax/imageio/spi/IIORegistry$1
instanceKlass com/sun/imageio/plugins/jpeg/JPEG
instanceKlass javax/imageio/stream/ImageOutputStream
instanceKlass javax/imageio/spi/DigraphNode
instanceKlass javax/imageio/stream/ImageInputStream
instanceKlass javax/imageio/spi/SubRegistry
instanceKlass javax/imageio/spi/IIOServiceProvider
instanceKlass javax/imageio/spi/RegisterableService
instanceKlass javax/imageio/spi/ServiceRegistry
instanceKlass javax/imageio/ImageIO
instanceKlass org/apache/batik/transcoder/TranscoderOutput
instanceKlass com/mathworks/util/IconUtils
instanceKlass com/mathworks/util/Predicate
instanceKlass com/mathworks/mde/desk/ContributedToolsLoader$DoneListener
instanceKlass com/mathworks/widgets/desk/DTToolstripFactory
instanceKlass com/mathworks/toolstrip/components/PopupListener
instanceKlass javax/swing/InputMap
instanceKlass com/mathworks/widgets/desk/RecentFiles$Opener
instanceKlass com/mathworks/widgets/desk/RecentFiles$IconSupplier
instanceKlass com/mathworks/widgets/desk/MacScreenMenuProxy
instanceKlass com/mathworks/widgets/desk/DTMnemonicsProvider
instanceKlass com/mathworks/desktop/mnemonics/MnemonicsProvider
instanceKlass com/mathworks/widgets/desk/ToolstripInfoRegistrar
instanceKlass com/mathworks/mvm/eventmgr/MvmListener
instanceKlass com/mathworks/services/PrefListener
instanceKlass com/mathworks/widgets/incSearch/IncSearchInterface
instanceKlass java/awt/dnd/Autoscroll
instanceKlass com/mathworks/matlab/api/explorer/NewFileTemplate
instanceKlass com/mathworks/mde/liveeditor/widget/rtc/DocumentListener
instanceKlass com/mathworks/mlservices/MatlabPauseObserver
instanceKlass com/mathworks/explorer/DesktopExplorerAdapter
instanceKlass com/mathworks/mwswing/ControlKeyOverride
instanceKlass com/mathworks/mwswing/MJTiledPane$GridListener
instanceKlass com/mathworks/toolstrip/factory/QuickAccessConfiguration$ChangeListener
instanceKlass com/mathworks/widgets/desk/DTMenuContributor
instanceKlass com/mathworks/widgets/desk/DTContainer
instanceKlass com/mathworks/widgets/desk/DTLocation
instanceKlass com/mathworks/widgets/desk/DTCloseTransaction
instanceKlass com/mathworks/widgets/desk/DTCloseReplyListener
instanceKlass org/w3c/dom/Node
instanceKlass com/mathworks/widgets/desk/DTDocumentContainer$ArrangementListener
instanceKlass com/mathworks/mwswing/modality/ModalParticipant
instanceKlass com/mathworks/util/HWndProvider
instanceKlass java/io/Externalizable
instanceKlass com/mathworks/widgets/desk/DTCloseTransaction$DoneListener
instanceKlass com/mathworks/widgets/desk/DTToolBarContainer$Listener
instanceKlass com/mathworks/widgets/desk/DTOccupant
instanceKlass com/mathworks/widgets/desk/DTToolBarRegistry$Registrant
instanceKlass com/mathworks/widgets/desk/DTAsyncWindowCloser
instanceKlass com/mathworks/widgets/desk/DTWindowCloser
instanceKlass com/mathworks/widgets/desk/DTSelectable
instanceKlass com/mathworks/widgets/desk/Desktop$CallableWrapper
instanceKlass com/mathworks/mwswing/SynchronousInvokeUtility$SynchronousEvent
instanceKlass com/mathworks/widgets/desk/Desktop
instanceKlass com/mathworks/widgets/desk/DTWindowActivator
instanceKlass com/mathworks/mlservices/MatlabDesktop
instanceKlass com/mathworks/mlservices/MLExecutionListener
instanceKlass com/mathworks/toolstrip/plaf/TSLookAndFeel
instanceKlass com/mathworks/mwswing/EdtUncaughtExceptionHandler
instanceKlass com/jidesoft/plaf/LookAndFeelFactory$UIDefaultsCustomizer
instanceKlass com/jidesoft/plaf/basic/BasicPainter
instanceKlass com/jidesoft/plaf/basic/ThemePainter
instanceKlass com/jidesoft/plaf/vsnet/HeaderCellBorder
instanceKlass com/jidesoft/plaf/vsnet/VsnetWindowsUtils$14
instanceKlass java/util/TimSort
instanceKlass sun/java2d/loops/GraphicsPrimitiveMgr$PrimitiveSpec
instanceKlass sun/java2d/loops/GraphicsPrimitiveMgr$2
instanceKlass sun/java2d/loops/GraphicsPrimitiveMgr$1
instanceKlass sun/java2d/loops/GeneralRenderer
instanceKlass sun/java2d/loops/CustomComponent
instanceKlass sun/java2d/pipe/ValidatePipe
instanceKlass java/awt/BasicStroke
instanceKlass java/awt/Stroke
instanceKlass java/awt/AlphaComposite
instanceKlass sun/java2d/loops/XORComposite
instanceKlass java/awt/Composite
instanceKlass sun/awt/ConstrainableGraphics
instanceKlass sun/java2d/loops/GraphicsPrimitiveMgr
instanceKlass sun/java2d/loops/GraphicsPrimitive
instanceKlass sun/java2d/loops/CompositeType
instanceKlass sun/java2d/DefaultDisposerRecord
instanceKlass sun/java2d/loops/RenderLoops
instanceKlass sun/awt/image/BufImgSurfaceData$ICMColorData
instanceKlass com/jidesoft/plaf/vsnet/VsnetWindowsUtils$13
instanceKlass com/jidesoft/plaf/vsnet/VsnetWindowsUtils$12
instanceKlass com/jidesoft/plaf/vsnet/VsnetWindowsUtils$11
instanceKlass com/jidesoft/plaf/vsnet/VsnetWindowsUtils$10
instanceKlass com/jidesoft/chart/Product
instanceKlass com/jidesoft/shortcut/Product
instanceKlass com/jidesoft/wizard/Product
instanceKlass com/jidesoft/grid/Product
instanceKlass com/jidesoft/document/Product
instanceKlass com/jidesoft/action/Product
instanceKlass com/jidesoft/docking/Product
instanceKlass sun/security/util/DisabledAlgorithmConstraints$1
instanceKlass sun/security/util/DisabledAlgorithmConstraints$Constraint
instanceKlass sun/security/util/DisabledAlgorithmConstraints$Constraints
instanceKlass java/security/Security$1
instanceKlass java/security/Security
instanceKlass sun/security/util/AbstractAlgorithmConstraints$1
instanceKlass sun/security/util/AlgorithmDecomposer
instanceKlass sun/security/util/AbstractAlgorithmConstraints
instanceKlass java/security/AlgorithmConstraints
instanceKlass sun/security/util/SignatureFileVerifier
instanceKlass sun/awt/image/GifFrame
instanceKlass java/awt/Graphics
instanceKlass com/jidesoft/icons/IconsFactory
instanceKlass com/jidesoft/icons/JideIconsFactory
instanceKlass javax/swing/plaf/BorderUIResource
instanceKlass com/jidesoft/plaf/windows/WindowsIconFactory$CheckBoxIcon
instanceKlass com/jidesoft/plaf/windows/WindowsIconFactory
instanceKlass com/jidesoft/plaf/vsnet/VsnetWindowsUtils$9
instanceKlass com/jidesoft/plaf/vsnet/VsnetWindowsUtils$8
instanceKlass com/jidesoft/plaf/vsnet/VsnetWindowsUtils$7
instanceKlass com/jidesoft/plaf/vsnet/VsnetWindowsUtils$6
instanceKlass com/jidesoft/plaf/vsnet/VsnetWindowsUtils$5
instanceKlass com/jidesoft/plaf/vsnet/VsnetWindowsUtils$4
instanceKlass com/jidesoft/plaf/vsnet/VsnetWindowsUtils$3
instanceKlass com/jidesoft/plaf/vsnet/VsnetWindowsUtils$2
instanceKlass com/jidesoft/plaf/vsnet/VsnetWindowsUtils$1
instanceKlass com/jidesoft/plaf/ExtWindowsDesktopProperty
instanceKlass sun/font/SunFontManager$11
instanceKlass sun/font/SunFontManager$10
instanceKlass com/jidesoft/swing/JideSwingUtilities$10
instanceKlass java/util/regex/ASCII
instanceKlass java/util/regex/Matcher
instanceKlass java/util/regex/MatchResult
instanceKlass java/util/regex/Pattern$TreeInfo
instanceKlass java/util/regex/Pattern$Node
instanceKlass java/util/regex/Pattern
instanceKlass com/jidesoft/utils/SystemInfo$JavaVersion
instanceKlass com/jidesoft/utils/SystemInfo
instanceKlass com/jidesoft/utils/SecurityUtils
instanceKlass com/jidesoft/dialog/ButtonNames
instanceKlass com/jidesoft/dialog/ButtonListener
instanceKlass javax/swing/event/RowSorterListener
instanceKlass javax/swing/event/CellEditorListener
instanceKlass javax/swing/event/ListSelectionListener
instanceKlass javax/swing/event/TableColumnModelListener
instanceKlass javax/swing/event/TableModelListener
instanceKlass javax/swing/table/TableModel
instanceKlass com/jidesoft/swing/JideSwingUtilities$Handler
instanceKlass javax/swing/event/ChangeListener
instanceKlass com/jidesoft/swing/JideSwingUtilities$GetHandler
instanceKlass com/jidesoft/swing/JideSwingUtilities
instanceKlass com/jidesoft/plaf/WindowsDesktopProperty
instanceKlass com/jidesoft/plaf/basic/Painter
instanceKlass com/jidesoft/plaf/vsnet/ConvertListener
instanceKlass com/jidesoft/plaf/basic/BasicLookAndFeelExtension
instanceKlass com/jidesoft/plaf/LookAndFeelExtension
instanceKlass java/util/Vector$Itr
instanceKlass com/jidesoft/plaf/LookAndFeelFactory$UIDefaultsInitializer
instanceKlass com/jidesoft/plaf/LookAndFeelFactory$1
instanceKlass com/jidesoft/plaf/UIDefaultsLookup
instanceKlass com/jidesoft/plaf/LookAndFeelFactory
instanceKlass java/math/MutableBigInteger
instanceKlass com/jidesoft/utils/Q
instanceKlass sun/util/calendar/CalendarUtils
instanceKlass sun/util/calendar/CalendarDate
instanceKlass sun/util/locale/LanguageTag
instanceKlass sun/util/resources/LocaleData$1
instanceKlass sun/util/resources/LocaleData
instanceKlass sun/util/locale/provider/LocaleResources
instanceKlass sun/util/locale/provider/CalendarDataUtility$CalendarWeekParameterGetter
instanceKlass sun/util/locale/provider/LocaleServiceProviderPool$LocalizedObjectGetter
instanceKlass sun/util/locale/provider/SPILocaleProviderAdapter$1
instanceKlass sun/util/locale/provider/LocaleServiceProviderPool
instanceKlass sun/util/locale/provider/CalendarDataUtility
instanceKlass java/util/Calendar$Builder
instanceKlass sun/util/locale/provider/JRELocaleProviderAdapter$1
instanceKlass sun/util/locale/provider/LocaleDataM